// Jest Snapshot v1, https://goo.gl/fbAQLP

exports[`preubas sobre el <HomeScren/> debe de mostrarse correctamente 1`] = `
<div>
  <h1>
    Home Screen
  </h1>
  <hr />
  <pre>
    {
   "name": "Gerardo",
   "email": "gerardo@gerardo.com"
}
  </pre>
</div>
`;
