// Jest Snapshot v1, https://goo.gl/fbAQLP

exports[`Pruebas en el <LoginScreen/> debe de mostrarse correctamente 1`] = `
<div>
  <h1>
    Login Screen
  </h1>
  <hr />
  <button
    className="btn btn-outline-primary"
    onClick={[Function]}
  >
    Login
  </button>
</div>
`;
